127.0.0.1 - - [27/Sep/2015:11:31:47 -0700] "GET / HTTP/1.1" 404 951
0:0:0:0:0:0:0:1 - - [27/Sep/2015:11:31:48 -0700] "GET /Databases/Connect HTTP/1.1" 200 21
127.0.0.1 - - [27/Sep/2015:11:37:44 -0700] "GET / HTTP/1.1" 404 951
0:0:0:0:0:0:0:1 - - [27/Sep/2015:11:37:45 -0700] "GET /Databases/Connect HTTP/1.1" 200 23
127.0.0.1 - - [27/Sep/2015:11:39:06 -0700] "GET / HTTP/1.1" 404 951
0:0:0:0:0:0:0:1 - - [27/Sep/2015:11:39:07 -0700] "GET /Databases/Connect HTTP/1.1" 500 54
127.0.0.1 - - [27/Sep/2015:11:39:25 -0700] "GET / HTTP/1.1" 404 951
0:0:0:0:0:0:0:1 - - [27/Sep/2015:11:39:25 -0700] "GET /Databases/Connect HTTP/1.1" 200 23
127.0.0.1 - - [27/Sep/2015:11:46:20 -0700] "GET / HTTP/1.1" 404 951
0:0:0:0:0:0:0:1 - - [27/Sep/2015:11:46:21 -0700] "GET /Databases/DatasourceDemo HTTP/1.1" 200 21
127.0.0.1 - - [27/Sep/2015:11:46:45 -0700] "GET / HTTP/1.1" 404 951
0:0:0:0:0:0:0:1 - - [27/Sep/2015:11:46:45 -0700] "GET /Databases/DatasourceDemo HTTP/1.1" 200 21
127.0.0.1 - - [27/Sep/2015:12:10:57 -0700] "GET / HTTP/1.1" 404 951
0:0:0:0:0:0:0:1 - - [27/Sep/2015:12:10:58 -0700] "GET /Databases/DatasourceDemo HTTP/1.1" 200 23
127.0.0.1 - - [27/Sep/2015:14:49:03 -0700] "GET / HTTP/1.1" 404 951
0:0:0:0:0:0:0:1 - - [27/Sep/2015:14:49:04 -0700] "GET /Databases/index.jsp HTTP/1.1" 200 321
0:0:0:0:0:0:0:1 - - [27/Sep/2015:14:49:06 -0700] "GET /MVC/Controller HTTP/1.1" 500 1422
0:0:0:0:0:0:0:1 - - [27/Sep/2015:14:50:31 -0700] "GET /Databases/Controller HTTP/1.1" 200 21
0:0:0:0:0:0:0:1 - - [27/Sep/2015:14:50:49 -0700] "GET /Databases/index.jsp HTTP/1.1" 200 340
0:0:0:0:0:0:0:1 - - [27/Sep/2015:14:50:50 -0700] "GET /Databases/Controller?action=login HTTP/1.1" 200 21
127.0.0.1 - - [27/Sep/2015:14:53:56 -0700] "GET / HTTP/1.1" 404 951
0:0:0:0:0:0:0:1 - - [27/Sep/2015:14:53:57 -0700] "GET /Databases/index.jsp HTTP/1.1" 200 340
0:0:0:0:0:0:0:1 - - [27/Sep/2015:14:53:58 -0700] "GET /Databases/Controller?action=login HTTP/1.1" 500 1495
127.0.0.1 - - [27/Sep/2015:14:56:13 -0700] "GET / HTTP/1.1" 404 951
0:0:0:0:0:0:0:1 - - [27/Sep/2015:14:56:14 -0700] "GET /Databases/index.jsp HTTP/1.1" 200 340
0:0:0:0:0:0:0:1 - - [27/Sep/2015:14:56:16 -0700] "GET /Databases/Controller?action=login HTTP/1.1" 500 1495
127.0.0.1 - - [27/Sep/2015:14:58:33 -0700] "GET / HTTP/1.1" 404 951
0:0:0:0:0:0:0:1 - - [27/Sep/2015:14:58:33 -0700] "GET /Databases/index.jsp HTTP/1.1" 200 340
0:0:0:0:0:0:0:1 - - [27/Sep/2015:14:58:37 -0700] "GET /Databases/Controller?action=login HTTP/1.1" 500 18
0:0:0:0:0:0:0:1 - - [27/Sep/2015:14:58:49 -0700] "GET /Databases/Controller?action=login HTTP/1.1" 500 18
127.0.0.1 - - [27/Sep/2015:14:59:31 -0700] "GET / HTTP/1.1" 404 951
0:0:0:0:0:0:0:1 - - [27/Sep/2015:14:59:32 -0700] "GET /Databases/index.jsp HTTP/1.1" 200 340
0:0:0:0:0:0:0:1 - - [27/Sep/2015:14:59:35 -0700] "GET /Databases/Controller?action=login HTTP/1.1" 500 35
127.0.0.1 - - [27/Sep/2015:14:59:58 -0700] "GET / HTTP/1.1" 404 951
0:0:0:0:0:0:0:1 - - [27/Sep/2015:14:59:58 -0700] "GET /Databases/Controller HTTP/1.1" 500 35
0:0:0:0:0:0:0:1 - - [27/Sep/2015:15:00:09 -0700] "GET /Databases/Controller?action=login HTTP/1.1" 500 35
0:0:0:0:0:0:0:1 - - [27/Sep/2015:15:00:12 -0700] "GET /Databases/Controller?action=login HTTP/1.1" 500 35
0:0:0:0:0:0:0:1 - - [27/Sep/2015:15:00:12 -0700] "GET /Databases/Controller?action=login HTTP/1.1" 500 35
0:0:0:0:0:0:0:1 - - [27/Sep/2015:15:00:30 -0700] "GET /Databases/login.jsp HTTP/1.1" 200 607
0:0:0:0:0:0:0:1 - - [27/Sep/2015:15:01:18 -0700] "GET /Databases/login.jsp HTTP/1.1" 200 641
0:0:0:0:0:0:0:1 - - [27/Sep/2015:15:01:19 -0700] "POST /Databases/Controller?action=dologin HTTP/1.1" 200 21
0:0:0:0:0:0:0:1 - - [27/Sep/2015:15:01:27 -0700] "POST /Databases/Controller?action=dologin HTTP/1.1" 200 21
127.0.0.1 - - [27/Sep/2015:15:12:21 -0700] "GET / HTTP/1.1" 404 951
0:0:0:0:0:0:0:1 - - [27/Sep/2015:15:12:21 -0700] "GET /Databases/index.jsp HTTP/1.1" 200 340
0:0:0:0:0:0:0:1 - - [27/Sep/2015:15:12:24 -0700] "GET /Databases/Controller?action=login HTTP/1.1" 500 1495
127.0.0.1 - - [27/Sep/2015:15:13:27 -0700] "GET / HTTP/1.1" 404 951
0:0:0:0:0:0:0:1 - - [27/Sep/2015:15:13:28 -0700] "GET /Databases/index.jsp HTTP/1.1" 200 340
0:0:0:0:0:0:0:1 - - [27/Sep/2015:15:13:29 -0700] "GET /Databases/Controller?action=login HTTP/1.1" 200 633
0:0:0:0:0:0:0:1 - - [27/Sep/2015:15:13:46 -0700] "POST /Databases/Controller?action=dologin HTTP/1.1" 200 21
0:0:0:0:0:0:0:1 - - [27/Sep/2015:15:15:08 -0700] "POST /Databases/Controller?action=dologin HTTP/1.1" 200 21
127.0.0.1 - - [27/Sep/2015:15:15:52 -0700] "GET / HTTP/1.1" 404 951
0:0:0:0:0:0:0:1 - - [27/Sep/2015:15:15:52 -0700] "GET /Databases/index.jsp HTTP/1.1" 200 340
0:0:0:0:0:0:0:1 - - [27/Sep/2015:15:15:54 -0700] "GET /Databases/Controller?action=login HTTP/1.1" 200 633
0:0:0:0:0:0:0:1 - - [27/Sep/2015:15:16:01 -0700] "POST /Databases/Controller?action=dologin HTTP/1.1" 200 21
127.0.0.1 - - [27/Sep/2015:15:18:29 -0700] "GET / HTTP/1.1" 404 951
0:0:0:0:0:0:0:1 - - [27/Sep/2015:15:18:29 -0700] "GET /Databases/index.jsp HTTP/1.1" 200 340
0:0:0:0:0:0:0:1 - - [27/Sep/2015:15:18:30 -0700] "GET /Databases/Controller?action=login HTTP/1.1" 200 633
0:0:0:0:0:0:0:1 - - [27/Sep/2015:15:18:35 -0700] "POST /Databases/Controller?action=dologin HTTP/1.1" 200 677
0:0:0:0:0:0:0:1 - - [27/Sep/2015:15:19:03 -0700] "POST /Databases/Controller?action=dologin HTTP/1.1" 200 304
127.0.0.1 - - [27/Sep/2015:15:19:15 -0700] "GET / HTTP/1.1" 404 951
0:0:0:0:0:0:0:1 - - [27/Sep/2015:15:19:15 -0700] "GET /Databases/index.jsp HTTP/1.1" 200 340
0:0:0:0:0:0:0:1 - - [27/Sep/2015:15:19:17 -0700] "GET /Databases/Controller?action=login HTTP/1.1" 200 633
0:0:0:0:0:0:0:1 - - [27/Sep/2015:15:19:20 -0700] "POST /Databases/Controller?action=dologin HTTP/1.1" 200 304
127.0.0.1 - - [27/Sep/2015:15:19:36 -0700] "GET / HTTP/1.1" 404 951
0:0:0:0:0:0:0:1 - - [27/Sep/2015:15:19:36 -0700] "GET /Databases/index.jsp HTTP/1.1" 200 340
0:0:0:0:0:0:0:1 - - [27/Sep/2015:15:19:38 -0700] "GET /Databases/Controller?action=login HTTP/1.1" 200 633
0:0:0:0:0:0:0:1 - - [27/Sep/2015:15:19:42 -0700] "POST /Databases/Controller?action=dologin HTTP/1.1" 200 677
0:0:0:0:0:0:0:1 - - [27/Sep/2015:15:20:43 -0700] "POST /Databases/Controller?action=dologin HTTP/1.1" 200 686
0:0:0:0:0:0:0:1 - - [27/Sep/2015:15:20:47 -0700] "POST /Databases/Controller?action=dologin HTTP/1.1" 200 313
0:0:0:0:0:0:0:1 - - [27/Sep/2015:15:21:12 -0700] "POST /Databases/Controller?action=dologin HTTP/1.1" 200 688
0:0:0:0:0:0:0:1 - - [27/Sep/2015:15:21:13 -0700] "POST /Databases/Controller?action=dologin HTTP/1.1" 200 688
0:0:0:0:0:0:0:1 - - [27/Sep/2015:15:21:14 -0700] "POST /Databases/Controller?action=dologin HTTP/1.1" 200 688
127.0.0.1 - - [27/Sep/2015:16:15:39 -0700] "GET / HTTP/1.1" 404 951
0:0:0:0:0:0:0:1 - - [27/Sep/2015:16:15:40 -0700] "GET /Email/WEB-INF/classes/email/SendMail.java HTTP/1.1" 404 949
127.0.0.1 - - [27/Sep/2015:16:37:47 -0700] "GET / HTTP/1.1" 404 951
0:0:0:0:0:0:0:1 - - [27/Sep/2015:16:37:48 -0700] "GET /JSTL/jstl1.jsp HTTP/1.1" 200 283
127.0.0.1 - - [27/Sep/2015:16:43:05 -0700] "GET / HTTP/1.1" 404 951
0:0:0:0:0:0:0:1 - - [27/Sep/2015:16:43:06 -0700] "GET /JSTL/jstl1.jsp HTTP/1.1" 500 3499
127.0.0.1 - - [27/Sep/2015:16:43:46 -0700] "GET / HTTP/1.1" 404 951
0:0:0:0:0:0:0:1 - - [27/Sep/2015:16:43:47 -0700] "GET /JSTL/jstl1.jsp HTTP/1.1" 500 3178
0:0:0:0:0:0:0:1 - - [27/Sep/2015:16:44:01 -0700] "GET /JSTL/jstl1.jsp HTTP/1.1" 500 3178
127.0.0.1 - - [27/Sep/2015:16:44:32 -0700] "GET / HTTP/1.1" 404 951
0:0:0:0:0:0:0:1 - - [27/Sep/2015:16:44:32 -0700] "GET /JSTL/jstl1.jsp HTTP/1.1" 500 3178
0:0:0:0:0:0:0:1 - - [27/Sep/2015:16:45:11 -0700] "GET /JSTL/jstl1.jsp HTTP/1.1" 200 339
0:0:0:0:0:0:0:1 - - [27/Sep/2015:16:48:39 -0700] "GET /JSTL/jstl1.jsp HTTP/1.1" 200 361
0:0:0:0:0:0:0:1 - - [27/Sep/2015:16:48:48 -0700] "GET /JSTL/jstl1.jsp?name=ajay HTTP/1.1" 200 365
0:0:0:0:0:0:0:1 - - [27/Sep/2015:16:52:11 -0700] "GET /JSTL/jstl1.jsp HTTP/1.1" 500 5754
0:0:0:0:0:0:0:1 - - [27/Sep/2015:16:52:27 -0700] "GET /JSTL/jstl1.jsp HTTP/1.1" 500 5754
0:0:0:0:0:0:0:1 - - [27/Sep/2015:16:53:15 -0700] "GET /JSTL/jstl1.jsp HTTP/1.1" 500 5754
0:0:0:0:0:0:0:1 - - [27/Sep/2015:16:53:31 -0700] "GET /JSTL/jstl1.jsp HTTP/1.1" 200 373
0:0:0:0:0:0:0:1 - - [27/Sep/2015:16:53:39 -0700] "GET /JSTL/jstl1.jsp?name=ajay HTTP/1.1" 200 377
0:0:0:0:0:0:0:1 - - [27/Sep/2015:16:54:06 -0700] "GET /JSTL/jstl1.jsp HTTP/1.1" 500 5754
0:0:0:0:0:0:0:1 - - [27/Sep/2015:16:54:30 -0700] "GET /JSTL/jstl1.jsp HTTP/1.1" 500 5754
127.0.0.1 - - [27/Sep/2015:16:54:45 -0700] "GET / HTTP/1.1" 404 951
0:0:0:0:0:0:0:1 - - [27/Sep/2015:16:54:46 -0700] "GET /JSTL/jstl1.jsp HTTP/1.1" 500 5754
0:0:0:0:0:0:0:1 - - [27/Sep/2015:16:55:05 -0700] "GET /JSTL/jstl1.jsp HTTP/1.1" 500 5754
0:0:0:0:0:0:0:1 - - [27/Sep/2015:16:56:14 -0700] "GET /JSTL/jstl1.jsp HTTP/1.1" 500 5754
0:0:0:0:0:0:0:1 - - [27/Sep/2015:16:57:08 -0700] "GET /JSTL/jstl1.jsp HTTP/1.1" 500 5754
0:0:0:0:0:0:0:1 - - [27/Sep/2015:16:57:48 -0700] "GET /JSTL/jstl1.jsp HTTP/1.1" 500 5754
127.0.0.1 - - [27/Sep/2015:16:58:58 -0700] "GET / HTTP/1.1" 404 951
0:0:0:0:0:0:0:1 - - [27/Sep/2015:16:58:59 -0700] "GET /JSTL/jstl1.jsp HTTP/1.1" 500 5754
127.0.0.1 - - [27/Sep/2015:17:01:03 -0700] "GET / HTTP/1.1" 404 951
0:0:0:0:0:0:0:1 - - [27/Sep/2015:17:01:04 -0700] "GET /JSTL/jstl1.jsp HTTP/1.1" 200 373
0:0:0:0:0:0:0:1 - - [27/Sep/2015:17:01:26 -0700] "GET /JSTL/jstl1.jsp HTTP/1.1" 200 389
0:0:0:0:0:0:0:1 - - [27/Sep/2015:17:01:43 -0700] "GET /JSTL/jstl1.jsp HTTP/1.1" 200 395
0:0:0:0:0:0:0:1 - - [27/Sep/2015:17:01:50 -0700] "GET /JSTL/jstl1.jsp?name=ajay HTTP/1.1" 200 398
0:0:0:0:0:0:0:1 - - [27/Sep/2015:17:01:55 -0700] "GET /JSTL/jstl1.jsp?name="ajay" HTTP/1.1" 200 411
0:0:0:0:0:0:0:1 - - [27/Sep/2015:17:05:54 -0700] "GET /JSTL/jstl1.jsp HTTP/1.1" 200 448
0:0:0:0:0:0:0:1 - - [27/Sep/2015:17:06:02 -0700] "GET /JSTL/jstl1.jsp%3Ename=ajy HTTP/1.1" 404 1001
0:0:0:0:0:0:0:1 - - [27/Sep/2015:17:06:11 -0700] "GET /JSTL/jstl1.jsp?name=aja HTTP/1.1" 200 451
0:0:0:0:0:0:0:1 - - [27/Sep/2015:17:06:17 -0700] "GET /JSTL/jstl1.jsp?name=ajay HTTP/1.1" 200 451
0:0:0:0:0:0:0:1 - - [27/Sep/2015:17:06:25 -0700] "GET /JSTL/jstl1.jsp?name=ajay&id=1 HTTP/1.1" 200 445
0:0:0:0:0:0:0:1 - - [27/Sep/2015:17:07:46 -0700] "GET /JSTL/jstl1.jsp HTTP/1.1" 200 486
0:0:0:0:0:0:0:1 - - [27/Sep/2015:17:07:57 -0700] "GET /JSTL/jstl1.jsp?name=ajay&name=aja HTTP/1.1" 200 489
0:0:0:0:0:0:0:1 - - [27/Sep/2015:17:08:11 -0700] "GET /JSTL/jstl1.jsp?id=1&id=2&id=3 HTTP/1.1" 200 480
127.0.0.1 - - [27/Sep/2015:17:13:59 -0700] "GET / HTTP/1.1" 404 951
0:0:0:0:0:0:0:1 - - [27/Sep/2015:17:14:00 -0700] "GET /JSTL/jstl1.jsp HTTP/1.1" 200 859
0:0:0:0:0:0:0:1 - - [27/Sep/2015:17:15:19 -0700] "GET /JSTL/jstl1.jsp HTTP/1.1" 200 674
0:0:0:0:0:0:0:1 - - [27/Sep/2015:17:16:11 -0700] "GET /JSTL/jstl1.jsp HTTP/1.1" 200 696
0:0:0:0:0:0:0:1 - - [27/Sep/2015:17:16:22 -0700] "GET /JSTL/jstl1.jsp HTTP/1.1" 200 1050
0:0:0:0:0:0:0:1 - - [27/Sep/2015:17:17:49 -0700] "GET /JSTL/jstl1.jsp HTTP/1.1" 200 814
127.0.0.1 - - [27/Sep/2015:17:37:56 -0700] "GET / HTTP/1.1" 404 951
0:0:0:0:0:0:0:1 - - [27/Sep/2015:17:37:57 -0700] "GET /JSTL/receiveObjects.jsp HTTP/1.1" 200 294
0:0:0:0:0:0:0:1 - - [27/Sep/2015:17:38:24 -0700] "GET /JSTL/receiveObjects.jsp HTTP/1.1" 200 294
0:0:0:0:0:0:0:1 - - [27/Sep/2015:17:39:03 -0700] "GET /JSTL/receiveObjects.jsp HTTP/1.1" 200 294
0:0:0:0:0:0:0:1 - - [27/Sep/2015:17:39:30 -0700] "GET /JSTL/receiveObjects.jsp HTTP/1.1" 200 306
0:0:0:0:0:0:0:1 - - [27/Sep/2015:17:40:23 -0700] "GET /JSTL/Controller HTTP/1.1" 200 309
0:0:0:0:0:0:0:1 - - [27/Sep/2015:17:40:48 -0700] "GET /JSTL/Controller HTTP/1.1" 200 309
0:0:0:0:0:0:0:1 - - [27/Sep/2015:17:41:19 -0700] "GET /JSTL/receiveObjects.jsp HTTP/1.1" 200 304
0:0:0:0:0:0:0:1 - - [27/Sep/2015:17:44:51 -0700] "GET /JSTL/Controller HTTP/1.1" 200 318
0:0:0:0:0:0:0:1 - - [27/Sep/2015:17:45:01 -0700] "GET /JSTL/receiveObjects.jsp HTTP/1.1" 200 313
0:0:0:0:0:0:0:1 - - [27/Sep/2015:17:45:31 -0700] "GET /JSTL/Controller HTTP/1.1" 200 323
127.0.0.1 - - [27/Sep/2015:17:50:55 -0700] "GET / HTTP/1.1" 404 951
0:0:0:0:0:0:0:1 - - [27/Sep/2015:17:50:56 -0700] "GET /JSTL/Controller HTTP/1.1" 200 337
127.0.0.1 - - [27/Sep/2015:17:54:14 -0700] "GET / HTTP/1.1" 404 951
0:0:0:0:0:0:0:1 - - [27/Sep/2015:17:54:16 -0700] "GET /JSTL/receiveObjects.jsp HTTP/1.1" 200 336
0:0:0:0:0:0:0:1 - - [27/Sep/2015:17:54:18 -0700] "GET /JSTL/Controller HTTP/1.1" 200 422
0:0:0:0:0:0:0:1 - - [27/Sep/2015:17:55:55 -0700] "GET /JSTL/Controller HTTP/1.1" 200 470
0:0:0:0:0:0:0:1 - - [27/Sep/2015:17:55:57 -0700] "GET /JSTL/www.google.com HTTP/1.1" 404 989
127.0.0.1 - - [27/Sep/2015:17:56:27 -0700] "GET / HTTP/1.1" 404 951
0:0:0:0:0:0:0:1 - - [27/Sep/2015:17:56:28 -0700] "GET /JSTL/Controller HTTP/1.1" 200 484
127.0.0.1 - - [27/Sep/2015:18:01:19 -0700] "GET / HTTP/1.1" 404 951
0:0:0:0:0:0:0:1 - - [27/Sep/2015:18:01:20 -0700] "GET /JSTL/Controller HTTP/1.1" 200 550
0:0:0:0:0:0:0:1 - - [27/Sep/2015:18:01:38 -0700] "GET /JSTL/Controller HTTP/1.1" 200 543
127.0.0.1 - - [27/Sep/2015:18:01:51 -0700] "GET / HTTP/1.1" 404 951
0:0:0:0:0:0:0:1 - - [27/Sep/2015:18:01:52 -0700] "GET /JSTL/Controller HTTP/1.1" 200 543
0:0:0:0:0:0:0:1 - - [27/Sep/2015:18:03:07 -0700] "GET /JSTL/Controller HTTP/1.1" 200 645
0:0:0:0:0:0:0:1 - - [27/Sep/2015:18:03:23 -0700] "GET /JSTL/Controller HTTP/1.1" 200 648
0:0:0:0:0:0:0:1 - - [27/Sep/2015:18:03:51 -0700] "GET /JSTL/Controller HTTP/1.1" 200 679
127.0.0.1 - - [27/Sep/2015:18:08:18 -0700] "GET / HTTP/1.1" 404 951
0:0:0:0:0:0:0:1 - - [27/Sep/2015:18:08:18 -0700] "GET /Picture_Squirrel/Controller HTTP/1.1" 200 28
0:0:0:0:0:0:0:1 - - [27/Sep/2015:18:08:30 -0700] "GET /Picture_Squirrel/Controller HTTP/1.1" 200 28
0:0:0:0:0:0:0:1 - - [27/Sep/2015:18:09:16 -0700] "GET /Picture_Squirrel HTTP/1.1" 302 -
0:0:0:0:0:0:0:1 - - [27/Sep/2015:18:09:16 -0700] "GET /Picture_Squirrel/ HTTP/1.1" 404 985
0:0:0:0:0:0:0:1 - - [27/Sep/2015:18:09:18 -0700] "GET /Picture_Squirrel/ HTTP/1.1" 404 985
127.0.0.1 - - [27/Sep/2015:18:09:31 -0700] "GET / HTTP/1.1" 404 951
0:0:0:0:0:0:0:1 - - [27/Sep/2015:18:09:31 -0700] "GET /Picture_Squirrel/Controller HTTP/1.1" 200 28
0:0:0:0:0:0:0:1 - - [27/Sep/2015:18:09:35 -0700] "GET /Picture_Squirrel HTTP/1.1" 302 -
0:0:0:0:0:0:0:1 - - [27/Sep/2015:18:09:35 -0700] "GET /Picture_Squirrel/ HTTP/1.1" 200 28
127.0.0.1 - - [27/Sep/2015:18:10:58 -0700] "GET / HTTP/1.1" 404 951
0:0:0:0:0:0:0:1 - - [27/Sep/2015:18:10:59 -0700] "GET /Picture_Squirrel/Controller HTTP/1.1" 500 1495
127.0.0.1 - - [27/Sep/2015:18:11:35 -0700] "GET / HTTP/1.1" 404 951
0:0:0:0:0:0:0:1 - - [27/Sep/2015:18:11:36 -0700] "GET /Picture_Squirrel/Controller HTTP/1.1" 200 270
